 ============================>     TALLY 1     <============================

 Cell 1
   U235
     Total Reaction Rate                  0.730474 +/- 0.00257948
     Fission Rate                         0.54848 +/- 0.00210324
     Absorption Rate                      0.65829 +/- 0.00249426
     (n,gamma)                            0.10981 +/- 0.000406979
